[
  "0ee6b755ab2ee6d2ab79b17cc97bd4e83424cbfc",
  "6b7ace4745e30ba914ea8350bfc7fa12f2980c54",
  "ceb7075bb6c347ed4aac6d327d0fff4a2f827f45",
  "2aa7b79f43a891e77dcf0089cc7a0d316f35719c",
  "e3a6af0b27ecb3b92d875e213d6ef5caed7dedd1",
  "08753da56e121ff186ce5895e6b93a41dc99baf6",
  "a4187e4b06ee99d518f24e9106b73ed95deb1322",
  "f58f5333e3755cc51368041782e59adf79509a4f",
  "26cbc312b5cb3a17e3553287c5b6ac7090ad62fa"
]
